// Jest Snapshot v1, https://goo.gl/fbAQLP

exports[`Renders Sign up 1`] = `
<form
  onSubmit={[Function]}
>
  <div
    className="MuiBox-root css-1wbiwzj"
  >
    <div
      className="MuiGrid-root MuiGrid-container MuiGrid-spacing-xs-1 css-ict9cr-MuiGrid-root"
    >
      <div
        className="MuiGrid-root MuiGrid-container MuiGrid-item MuiGrid-spacing-xs-undefined MuiGrid-grid-xs-12 css-5kplar-MuiGrid-root"
      >
        <img
          alt="Logo"
          src="bindy-logo-cropped.png"
          style={
            Object {
              "width": "35%",
            }
          }
        />
      </div>
      <div
        className="MuiGrid-root MuiGrid-container MuiGrid-item MuiGrid-spacing-xs-1 MuiGrid-grid-xs-8 MuiGrid-grid-sm-3 css-1ehydra-MuiGrid-root"
      >
        <div
          className="MuiGrid-root MuiGrid-item MuiGrid-grid-xs-12 MuiGrid-grid-sm-4 css-oe53i6-MuiGrid-root"
        >
          <label
            className="MuiInputLabel-root MuiInputLabel-animated MuiFormLabel-root MuiFormLabel-colorPrimary css-9npbnl-MuiFormLabel-root-MuiInputLabel-root"
            htmlFor="label"
          >
            Username
          </label>
        </div>
        <div
          className="MuiGrid-root MuiGrid-item MuiGrid-grid-xs-12 MuiGrid-grid-sm-8 css-fqifuh-MuiGrid-root"
        >
          <div
            className="MuiFormControl-root MuiFormControl-fullWidth MuiTextField-root makeStyles-input-2 css-wb57ya-MuiFormControl-root-MuiTextField-root"
          >
            <div
              className="MuiOutlinedInput-root MuiInputBase-root MuiInputBase-colorPrimary MuiInputBase-fullWidth MuiInputBase-formControl MuiInputBase-sizeSmall css-md26zr-MuiInputBase-root-MuiOutlinedInput-root"
              onClick={[Function]}
            >
              <input
                aria-invalid={false}
                autoComplete="off"
                autoFocus={false}
                className="MuiOutlinedInput-input MuiInputBase-input MuiInputBase-inputSizeSmall css-1n4twyu-MuiInputBase-input-MuiOutlinedInput-input"
                disabled={false}
                id="username-input"
                name="username"
                onAnimationStart={[Function]}
                onBlur={[Function]}
                onChange={[Function]}
                onFocus={[Function]}
                required={false}
                type="text"
                value=""
              />
              <fieldset
                aria-hidden={true}
                className="MuiOutlinedInput-notchedOutline css-1o2jng6-MuiOutlinedInput-notchedOutline"
              >
                <legend
                  className="css-1br1jja"
                >
                  <span
                    className="notranslate"
                    dangerouslySetInnerHTML={
                      Object {
                        "__html": "&#8203;",
                      }
                    }
                  />
                </legend>
              </fieldset>
            </div>
          </div>
        </div>
        <div
          className="MuiGrid-root MuiGrid-item MuiGrid-grid-xs-12 MuiGrid-grid-sm-4 css-oe53i6-MuiGrid-root"
        >
          <label
            className="MuiInputLabel-root MuiInputLabel-animated MuiFormLabel-root MuiFormLabel-colorPrimary css-9npbnl-MuiFormLabel-root-MuiInputLabel-root"
            htmlFor="label"
          >
            Name
          </label>
        </div>
        <div
          className="MuiGrid-root MuiGrid-item MuiGrid-grid-xs-12 MuiGrid-grid-sm-8 css-fqifuh-MuiGrid-root"
        >
          <div
            className="MuiFormControl-root MuiFormControl-fullWidth MuiTextField-root makeStyles-input-2 css-wb57ya-MuiFormControl-root-MuiTextField-root"
          >
            <div
              className="MuiOutlinedInput-root MuiInputBase-root MuiInputBase-colorPrimary MuiInputBase-fullWidth MuiInputBase-formControl MuiInputBase-sizeSmall css-md26zr-MuiInputBase-root-MuiOutlinedInput-root"
              onClick={[Function]}
            >
              <input
                aria-invalid={false}
                autoComplete="off"
                autoFocus={false}
                className="MuiOutlinedInput-input MuiInputBase-input MuiInputBase-inputSizeSmall css-1n4twyu-MuiInputBase-input-MuiOutlinedInput-input"
                disabled={false}
                id="name-input"
                name="name"
                onAnimationStart={[Function]}
                onBlur={[Function]}
                onChange={[Function]}
                onFocus={[Function]}
                required={false}
                type="text"
                value=""
              />
              <fieldset
                aria-hidden={true}
                className="MuiOutlinedInput-notchedOutline css-1o2jng6-MuiOutlinedInput-notchedOutline"
              >
                <legend
                  className="css-1br1jja"
                >
                  <span
                    className="notranslate"
                    dangerouslySetInnerHTML={
                      Object {
                        "__html": "&#8203;",
                      }
                    }
                  />
                </legend>
              </fieldset>
            </div>
          </div>
        </div>
        <div
          className="MuiGrid-root MuiGrid-item MuiGrid-grid-xs-12 MuiGrid-grid-sm-4 css-oe53i6-MuiGrid-root"
        >
          <label
            className="MuiInputLabel-root MuiInputLabel-animated MuiFormLabel-root MuiFormLabel-colorPrimary css-9npbnl-MuiFormLabel-root-MuiInputLabel-root"
            htmlFor="label"
          >
            D.O.B
          </label>
        </div>
        <div
          className="MuiGrid-root MuiGrid-item MuiGrid-grid-xs-12 MuiGrid-grid-sm-8 css-fqifuh-MuiGrid-root"
        >
          <div
            className="MuiFormControl-root MuiFormControl-fullWidth MuiTextField-root makeStyles-input-2 css-wb57ya-MuiFormControl-root-MuiTextField-root"
          >
            <div
              className="MuiOutlinedInput-root MuiInputBase-root MuiInputBase-colorPrimary MuiInputBase-fullWidth MuiInputBase-formControl MuiInputBase-sizeSmall css-md26zr-MuiInputBase-root-MuiOutlinedInput-root"
              onClick={[Function]}
            >
              <input
                aria-invalid={false}
                autoFocus={false}
                className="MuiOutlinedInput-input MuiInputBase-input MuiInputBase-inputSizeSmall css-1n4twyu-MuiInputBase-input-MuiOutlinedInput-input"
                disabled={false}
                id="dob-input"
                name="dob"
                onAnimationStart={[Function]}
                onBlur={[Function]}
                onChange={[Function]}
                onFocus={[Function]}
                required={false}
                type="date"
              />
              <fieldset
                aria-hidden={true}
                className="MuiOutlinedInput-notchedOutline css-1o2jng6-MuiOutlinedInput-notchedOutline"
              >
                <legend
                  className="css-1br1jja"
                >
                  <span
                    className="notranslate"
                    dangerouslySetInnerHTML={
                      Object {
                        "__html": "&#8203;",
                      }
                    }
                  />
                </legend>
              </fieldset>
            </div>
          </div>
        </div>
        <div
          className="MuiGrid-root MuiGrid-item MuiGrid-grid-xs-12 MuiGrid-grid-sm-4 css-oe53i6-MuiGrid-root"
        >
          <label
            className="MuiInputLabel-root MuiInputLabel-animated MuiFormLabel-root MuiFormLabel-colorPrimary css-9npbnl-MuiFormLabel-root-MuiInputLabel-root"
            htmlFor="label"
          >
            Gender
          </label>
        </div>
        <div
          className="MuiGrid-root MuiGrid-item MuiGrid-grid-xs-12 MuiGrid-grid-sm-8 css-fqifuh-MuiGrid-root"
        >
          <div
            className="MuiFormControl-root MuiFormControl-fullWidth css-q8hpuo-MuiFormControl-root"
          >
            <div
              className="MuiOutlinedInput-root MuiInputBase-root MuiInputBase-colorPrimary MuiInputBase-fullWidth MuiInputBase-formControl MuiInputBase-sizeSmall MuiSelect-root makeStyles-select-3 css-md26zr-MuiInputBase-root-MuiOutlinedInput-root"
              onClick={[Function]}
            >
              <div
                aria-expanded="false"
                aria-haspopup="listbox"
                aria-labelledby="gender-select"
                className="MuiSelect-select MuiSelect-outlined MuiOutlinedInput-input MuiInputBase-input MuiInputBase-inputSizeSmall css-jedpe8-MuiSelect-select-MuiInputBase-input-MuiOutlinedInput-input"
                id="gender-select"
                onBlur={[Function]}
                onFocus={[Function]}
                onKeyDown={[Function]}
                onMouseDown={[Function]}
                role="button"
                tabIndex={0}
              >
                <span
                  className="notranslate"
                  dangerouslySetInnerHTML={
                    Object {
                      "__html": "&#8203;",
                    }
                  }
                />
              </div>
              <input
                aria-hidden={true}
                className="MuiSelect-nativeInput css-yf8vq0-MuiSelect-nativeInput"
                disabled={false}
                name="gender"
                onAnimationStart={[Function]}
                onChange={[Function]}
                required={false}
                tabIndex={-1}
                value=""
              />
              <svg
                aria-hidden={true}
                className="MuiSvgIcon-root MuiSvgIcon-fontSizeMedium MuiSelect-icon MuiSelect-iconOutlined css-hfutr2-MuiSvgIcon-root-MuiSelect-icon"
                data-testid="ArrowDropDownIcon"
                focusable="false"
                viewBox="0 0 24 24"
              >
                <path
                  d="M7 10l5 5 5-5z"
                />
              </svg>
              <fieldset
                aria-hidden={true}
                className="MuiOutlinedInput-notchedOutline css-1o2jng6-MuiOutlinedInput-notchedOutline"
              >
                <legend
                  className="css-1br1jja"
                >
                  <span
                    className="notranslate"
                    dangerouslySetInnerHTML={
                      Object {
                        "__html": "&#8203;",
                      }
                    }
                  />
                </legend>
              </fieldset>
            </div>
          </div>
        </div>
        <div
          className="MuiGrid-root MuiGrid-item MuiGrid-grid-xs-12 MuiGrid-grid-sm-4 css-oe53i6-MuiGrid-root"
        >
          <label
            className="MuiInputLabel-root MuiInputLabel-animated MuiFormLabel-root MuiFormLabel-colorPrimary css-9npbnl-MuiFormLabel-root-MuiInputLabel-root"
            htmlFor="label"
          >
            Interest
          </label>
        </div>
        <div
          className="MuiGrid-root MuiGrid-item MuiGrid-grid-xs-12 MuiGrid-grid-sm-8 css-fqifuh-MuiGrid-root"
        >
          <div
            className="MuiFormControl-root MuiFormControl-fullWidth css-q8hpuo-MuiFormControl-root"
          >
            <div
              className="MuiOutlinedInput-root MuiInputBase-root MuiInputBase-colorPrimary MuiInputBase-fullWidth MuiInputBase-formControl MuiInputBase-sizeSmall MuiSelect-root makeStyles-select-3 css-md26zr-MuiInputBase-root-MuiOutlinedInput-root"
              onClick={[Function]}
            >
              <div
                aria-expanded="false"
                aria-haspopup="listbox"
                aria-labelledby="interest-select"
                className="MuiSelect-select MuiSelect-outlined MuiOutlinedInput-input MuiInputBase-input MuiInputBase-inputSizeSmall css-jedpe8-MuiSelect-select-MuiInputBase-input-MuiOutlinedInput-input"
                id="interest-select"
                onBlur={[Function]}
                onFocus={[Function]}
                onKeyDown={[Function]}
                onMouseDown={[Function]}
                role="button"
                tabIndex={0}
              >
                <span
                  className="notranslate"
                  dangerouslySetInnerHTML={
                    Object {
                      "__html": "&#8203;",
                    }
                  }
                />
              </div>
              <input
                aria-hidden={true}
                className="MuiSelect-nativeInput css-yf8vq0-MuiSelect-nativeInput"
                disabled={false}
                name="interest"
                onAnimationStart={[Function]}
                onChange={[Function]}
                required={false}
                tabIndex={-1}
                value=""
              />
              <svg
                aria-hidden={true}
                className="MuiSvgIcon-root MuiSvgIcon-fontSizeMedium MuiSelect-icon MuiSelect-iconOutlined css-hfutr2-MuiSvgIcon-root-MuiSelect-icon"
                data-testid="ArrowDropDownIcon"
                focusable="false"
                viewBox="0 0 24 24"
              >
                <path
                  d="M7 10l5 5 5-5z"
                />
              </svg>
              <fieldset
                aria-hidden={true}
                className="MuiOutlinedInput-notchedOutline css-1o2jng6-MuiOutlinedInput-notchedOutline"
              >
                <legend
                  className="css-1br1jja"
                >
                  <span
                    className="notranslate"
                    dangerouslySetInnerHTML={
                      Object {
                        "__html": "&#8203;",
                      }
                    }
                  />
                </legend>
              </fieldset>
            </div>
          </div>
        </div>
        <div
          className="MuiGrid-root MuiGrid-item MuiGrid-grid-xs-12 css-1em9ut6-MuiGrid-root"
        >
          <label
            className="MuiInputLabel-root MuiInputLabel-animated MuiFormLabel-root MuiFormLabel-colorPrimary css-9npbnl-MuiFormLabel-root-MuiInputLabel-root"
          >
            Max Distance
          </label>
        </div>
        <div
          className="MuiGrid-root MuiGrid-item MuiGrid-grid-xs-12 css-1em9ut6-MuiGrid-root"
        >
          <span
            className="MuiSlider-colorPrimary MuiSlider-sizeMedium MuiSlider-root css-187mznn-MuiSlider-root"
            onMouseDown={[Function]}
          >
            <span
              className="ForwardRef(Slider)-rail-4 MuiSlider-rail css-14pt78w-MuiSlider-rail"
            />
            <span
              className="ForwardRef(Slider)-track-5 MuiSlider-track css-1gv0vcd-MuiSlider-track"
              style={
                Object {
                  "left": "0%",
                  "width": "0%",
                }
              }
            />
            <span
              className="ForwardRef(Slider)-thumb-6 MuiSlider-thumbColorPrimary MuiSlider-thumbSizeMedium MuiSlider-thumb css-eg0mwd-MuiSlider-thumb"
              data-index={0}
              onMouseLeave={[Function]}
              onMouseOver={[Function]}
              style={
                Object {
                  "left": "0%",
                  "pointerEvents": undefined,
                }
              }
            >
              <input
                aria-labelledby="range-slider"
                aria-orientation="horizontal"
                aria-valuemax={100}
                aria-valuemin={0}
                aria-valuenow={0}
                data-index={0}
                disabled={false}
                onBlur={[Function]}
                onChange={[Function]}
                onFocus={[Function]}
                style={
                  Object {
                    "border": 0,
                    "clip": "rect(0 0 0 0)",
                    "direction": "ltr",
                    "height": "100%",
                    "margin": -1,
                    "overflow": "hidden",
                    "padding": 0,
                    "position": "absolute",
                    "whiteSpace": "nowrap",
                    "width": "100%",
                  }
                }
                type="range"
                value={0}
              />
              <span
                aria-hidden={true}
                className="MuiSlider-valueLabel css-1kz0hui-MuiSlider-valueLabel"
              >
                <span
                  className="MuiSlider-valueLabelCircle"
                >
                  <span
                    className="MuiSlider-valueLabelLabel"
                  >
                    0
                  </span>
                </span>
              </span>
            </span>
          </span>
        </div>
        <div
          className="MuiGrid-root MuiGrid-item MuiGrid-grid-xs-12 css-1em9ut6-MuiGrid-root"
        >
          <label
            className="MuiInputLabel-root MuiInputLabel-animated MuiFormLabel-root MuiFormLabel-colorPrimary css-9npbnl-MuiFormLabel-root-MuiInputLabel-root"
          >
            Age Range
          </label>
        </div>
        <div
          className="MuiGrid-root MuiGrid-item MuiGrid-grid-xs-12 css-1em9ut6-MuiGrid-root"
        >
          <span
            className="MuiSlider-colorPrimary MuiSlider-sizeMedium MuiSlider-root css-187mznn-MuiSlider-root"
            onMouseDown={[Function]}
          >
            <span
              className="ForwardRef(Slider)-rail-4 MuiSlider-rail css-14pt78w-MuiSlider-rail"
            />
            <span
              className="ForwardRef(Slider)-track-5 MuiSlider-track css-1gv0vcd-MuiSlider-track"
              style={
                Object {
                  "left": "18%",
                  "width": "17%",
                }
              }
            />
            <span
              className="ForwardRef(Slider)-thumb-6 MuiSlider-thumbColorPrimary MuiSlider-thumbSizeMedium MuiSlider-thumb css-eg0mwd-MuiSlider-thumb"
              data-index={0}
              onMouseLeave={[Function]}
              onMouseOver={[Function]}
              style={
                Object {
                  "left": "18%",
                  "pointerEvents": undefined,
                }
              }
            >
              <input
                aria-labelledby="range-slider"
                aria-orientation="horizontal"
                aria-valuemax={100}
                aria-valuemin={0}
                aria-valuenow={18}
                data-index={0}
                disabled={false}
                onBlur={[Function]}
                onChange={[Function]}
                onFocus={[Function]}
                style={
                  Object {
                    "border": 0,
                    "clip": "rect(0 0 0 0)",
                    "direction": "ltr",
                    "height": "100%",
                    "margin": -1,
                    "overflow": "hidden",
                    "padding": 0,
                    "position": "absolute",
                    "whiteSpace": "nowrap",
                    "width": "100%",
                  }
                }
                type="range"
                value={18}
              />
              <span
                aria-hidden={true}
                className="MuiSlider-valueLabel css-1kz0hui-MuiSlider-valueLabel"
              >
                <span
                  className="MuiSlider-valueLabelCircle"
                >
                  <span
                    className="MuiSlider-valueLabelLabel"
                  >
                    18
                  </span>
                </span>
              </span>
            </span>
            <span
              className="ForwardRef(Slider)-thumb-6 MuiSlider-thumbColorPrimary MuiSlider-thumbSizeMedium MuiSlider-thumb css-eg0mwd-MuiSlider-thumb"
              data-index={1}
              onMouseLeave={[Function]}
              onMouseOver={[Function]}
              style={
                Object {
                  "left": "35%",
                  "pointerEvents": undefined,
                }
              }
            >
              <input
                aria-labelledby="range-slider"
                aria-orientation="horizontal"
                aria-valuemax={100}
                aria-valuemin={0}
                aria-valuenow={35}
                data-index={1}
                disabled={false}
                onBlur={[Function]}
                onChange={[Function]}
                onFocus={[Function]}
                style={
                  Object {
                    "border": 0,
                    "clip": "rect(0 0 0 0)",
                    "direction": "ltr",
                    "height": "100%",
                    "margin": -1,
                    "overflow": "hidden",
                    "padding": 0,
                    "position": "absolute",
                    "whiteSpace": "nowrap",
                    "width": "100%",
                  }
                }
                type="range"
                value={35}
              />
              <span
                aria-hidden={true}
                className="MuiSlider-valueLabel css-1kz0hui-MuiSlider-valueLabel"
              >
                <span
                  className="MuiSlider-valueLabelCircle"
                >
                  <span
                    className="MuiSlider-valueLabelLabel"
                  >
                    35
                  </span>
                </span>
              </span>
            </span>
          </span>
        </div>
        <div
          className="MuiGrid-root MuiGrid-item MuiGrid-grid-xs-12 css-1em9ut6-MuiGrid-root"
        >
          <button
            className="MuiButton-root MuiButton-contained MuiButton-containedPrimary MuiButton-sizeMedium MuiButton-containedSizeMedium MuiButton-fullWidth MuiButtonBase-root css-1fu7jd5-MuiButtonBase-root-MuiButton-root"
            disabled={false}
            onBlur={[Function]}
            onContextMenu={[Function]}
            onDragLeave={[Function]}
            onFocus={[Function]}
            onKeyDown={[Function]}
            onKeyUp={[Function]}
            onMouseDown={[Function]}
            onMouseLeave={[Function]}
            onMouseUp={[Function]}
            onTouchEnd={[Function]}
            onTouchMove={[Function]}
            onTouchStart={[Function]}
            style={
              Object {
                "backgroundColor": "#332F2F",
                "color": "#E6A698",
              }
            }
            tabIndex={0}
            type="submit"
          >
            CREATE ACCOUNT
          </button>
        </div>
        <div
          className="MuiGrid-root MuiGrid-item MuiGrid-grid-xs-12 css-1em9ut6-MuiGrid-root"
        >
          <button
            className="MuiButton-root MuiButton-outlined MuiButton-outlinedPrimary MuiButton-sizeMedium MuiButton-outlinedSizeMedium MuiButton-fullWidth MuiButtonBase-root css-xsqe0f-MuiButtonBase-root-MuiButton-root"
            disabled={false}
            onBlur={[Function]}
            onContextMenu={[Function]}
            onDragLeave={[Function]}
            onFocus={[Function]}
            onKeyDown={[Function]}
            onKeyUp={[Function]}
            onMouseDown={[Function]}
            onMouseLeave={[Function]}
            onMouseUp={[Function]}
            onTouchEnd={[Function]}
            onTouchMove={[Function]}
            onTouchStart={[Function]}
            style={
              Object {
                "border": "1px solid #332F2F",
                "color": "#332F2F",
              }
            }
            tabIndex={0}
            type="button"
          >
            CANCEL
          </button>
        </div>
      </div>
    </div>
  </div>
</form>
`;
